Component: Arm Compiler for Embedded 6.24 Tool: armlink [5f371500]

==============================================================================

Section Cross References

    conv_image.o(RESET) refers to conv_image.o(.text) for Reset_Handler


==============================================================================

Image Symbol Table

    Local Symbols

    Symbol Name                              Value     Ov Type        Size  Object(Section)

    conv_image.s                             0x00000000   Number         0  conv_image.o ABSOLUTE
    RESET                                    0x00000000   Section      128  conv_image.o(RESET)
    .text                                    0x00000080   Section       40  conv_image.o(.text)

    Global Symbols

    Symbol Name                              Value     Ov Type        Size  Object(Section)

    BuildAttributes$$THM_ISAv3M$S$A:L22$X:L11$S22$IEEE1$~IW$USESV6$~STKCKD$USESV7$~SHL$OSPACE$EBA8$STANDARDLIB$PRES8$EABIv2 0x00000000   Number         0  anon$$obj.o ABSOLUTE
    __Vectors                                0x00000000   Data           4  conv_image.o(RESET)
    Reset_Handler                            0x00000081   Thumb Code    34  conv_image.o(.text)



==============================================================================

Memory Map of the image

  Image Entry point : 0x00000081

  Load Region LR_1 (Base: 0x00000000, Size: 0x000000a8, Max: 0xffffffff, ABSOLUTE)

    Execution Region ER_RO (Exec base: 0x00000000, Load base: 0x00000000, Size: 0x000000a8, Max: 0xffffffff, ABSOLUTE)

    Exec Addr    Load Addr    Size         Type   Attr      Idx    E Section Name        Object

    0x00000000   0x00000000   0x00000080   Data   RO            1    RESET               conv_image.o
    0x00000080   0x00000080   0x00000028   Code   RO            2  * .text               conv_image.o


    Execution Region ER_RW (Exec base: 0x20000000, Load base: 0x000000a8, Size: 0x00000000, Max: 0xffffffff, ABSOLUTE)

    **** No section assigned to this execution region ****


    Execution Region ER_ZI (Exec base: 0x20000000, Load base: 0x000000a8, Size: 0x00000000, Max: 0xffffffff, ABSOLUTE)

    **** No section assigned to this execution region ****


==============================================================================

Image component sizes


      Code (inc. data)   RO Data    RW Data    ZI Data      Debug   Object Name

        40          6        128          0          0        348   conv_image.o

    ----------------------------------------------------------------------
        40          6        128          0          0        348   Object Totals
         0          0          0          0          0          0   (incl. Generated)
         0          0          0          0          0          0   (incl. Padding)

    ----------------------------------------------------------------------
         0          0          0          0          0          0   Library Totals
         0          0          0          0          0          0   (incl. Padding)

    ----------------------------------------------------------------------

==============================================================================


      Code (inc. data)   RO Data    RW Data    ZI Data      Debug   

        40          6        128          0          0        348   Grand Totals
        40          6        128          0          0        348   ELF Image Totals
        40          6        128          0          0          0   ROM Totals

==============================================================================

    Total RO  Size (Code + RO Data)                  168 (   0.16kB)
    Total RW  Size (RW Data + ZI Data)                 0 (   0.00kB)
    Total ROM Size (Code + RO Data + RW Data)        168 (   0.16kB)

==============================================================================

